// Jest Snapshot v1, https://goo.gl/fbAQLP

exports[`Throws an error when no bucket was provided 1`] = `
"Usage Error: Need to pass a cloud storage bucket, e.g. --bucket=gs://pkg.example.com

$ ...
"
`;
